$ python3 05_utility_based_agent.py --config config/mi_cueva_4x4.yaml

Step 0  Score 0  IN CAVE
 4 | .  P  .  W 
 3 | .  .  .  P 
 2 | .  G  .  . 
 1 | >  .  .  P 
      1  2  3  4
Percept [None]
Agent: utility-based
----------------------------------------
Action: Forward
Step 1  Score -1.0  IN CAVE
 4 | .  P  .  W 
 3 | .  .  .  P 
 2 | .  G  .  . 
 1 | .  >  .  P 
      1  2  3  4
Percept [None]
Reward -1  (moved)
----------------------------------------
Action: Forward
Step 2  Score -2.0  IN CAVE
 4 | .  P  .  W 
 3 | .  .  .  P 
 2 | .  G  .  . 
 1 | .  .  >  P 
      1  2  3  4
Percept [Breeze]
Reward -1  (moved)
----------------------------------------
Action: TurnLeft
Step 3  Score -3.0  IN CAVE
 4 | .  P  .  W 
 3 | .  .  .  P 
 2 | .  G  .  . 
 1 | .  .  ^  P 
      1  2  3  4
Percept [Breeze]
Reward -1  (ok)
----------------------------------------
Action: TurnLeft
Step 4  Score -4.0  IN CAVE
 4 | .  P  .  W 
 3 | .  .  .  P 
 2 | .  G  .  . 
 1 | .  .  <  P 
      1  2  3  4
Percept [Breeze]
Reward -1  (ok)
----------------------------------------
Action: Forward
Step 5  Score -5.0  IN CAVE
 4 | .  P  .  W 
 3 | .  .  .  P 
 2 | .  G  .  . 
 1 | .  <  .  P 
      1  2  3  4
Percept [None]
Reward -1  (moved)
----------------------------------------
Action: TurnRight
Step 6  Score -6.0  IN CAVE
 4 | .  P  .  W 
 3 | .  .  .  P 
 2 | .  G  .  . 
 1 | .  ^  .  P 
      1  2  3  4
Percept [None]
Reward -1  (ok)
----------------------------------------
Action: Forward
Step 7  Score -7.0  IN CAVE
 4 | .  P  .  W 
 3 | .  .  .  P 
 2 | .  ^  .  . 
 1 | .  .  .  P 
      1  2  3  4
Percept [Glitter]
Reward -1  (moved)
----------------------------------------
Action: Grab
Step 8  Score -8.0  IN CAVE
 4 | .  P  .  W 
 3 | .  .  .  P 
 2 | .  ^  .  . 
 1 | .  .  .  P 
      1  2  3  4
Percept [None]
Reward -1  (grabbed_gold)
----------------------------------------
Action: TurnLeft
Step 9  Score -9.0  IN CAVE
 4 | .  P  .  W 
 3 | .  .  .  P 
 2 | .  <  .  . 
 1 | .  .  .  P 
      1  2  3  4
Percept [None]
Reward -1  (ok)
----------------------------------------
Action: Forward
Step 10  Score -10.0  IN CAVE
 4 | .  P  .  W 
 3 | .  .  .  P 
 2 | <  .  .  . 
 1 | .  .  .  P 
      1  2  3  4
Percept [None]
Reward -1  (moved)
----------------------------------------
Action: TurnLeft
Step 11  Score -11.0  IN CAVE
 4 | .  P  .  W 
 3 | .  .  .  P 
 2 | v  .  .  . 
 1 | .  .  .  P 
      1  2  3  4
Percept [None]
Reward -1  (ok)
----------------------------------------
Action: Forward
Step 12  Score -12.0  IN CAVE
 4 | .  P  .  W 
 3 | .  .  .  P 
 2 | .  .  .  . 
 1 | v  .  .  P 
      1  2  3  4
Percept [None]
Reward -1  (moved)
----------------------------------------
Action: Climb
Step 13  Score 987.0  CLIMBED
 4 | .  P  .  W 
 3 | .  .  .  P 
 2 | .  .  .  . 
 1 | .  .  .  P 
      1  2  3  4
Percept [None]
Reward +999  (climbed_with_gold)
----------------------------------------
Result: climbed with gold  steps=13  score=987.0
